Archive member included because of file (symbol)

F:\EE2024Assignment2\Lib_CMSISv1p30_LPC17xx\Debug\libCMSISv1p30_LPC17xx.a(system_LPC17xx.o)
                              ./src/main.o (SystemCoreClock)
F:\EE2024Assignment2\Lib_EaBaseBoard\Debug\libLib_EaBaseBoard.a(led7seg.o)
                              ./src/main.o (led7seg_init)
F:\EE2024Assignment2\Lib_EaBaseBoard\Debug\libLib_EaBaseBoard.a(oled.o)
                              ./src/main.o (oled_init)
F:\EE2024Assignment2\Lib_EaBaseBoard\Debug\libLib_EaBaseBoard.a(font5x7.o)
                              F:\EE2024Assignment2\Lib_EaBaseBoard\Debug\libLib_EaBaseBoard.a(oled.o) (font5x7)
F:\EE2024Assignment2\Lib_MCU\Debug\libLib_MCU.a(lpc17xx_gpio.o)
                              ./src/main.o (GPIO_SetDir)
F:\EE2024Assignment2\Lib_MCU\Debug\libLib_MCU.a(lpc17xx_pinsel.o)
                              ./src/main.o (PINSEL_ConfigPin)
F:\EE2024Assignment2\Lib_MCU\Debug\libLib_MCU.a(lpc17xx_ssp.o)
                              ./src/main.o (SSP_Init)
F:\EE2024Assignment2\Lib_MCU\Debug\libLib_MCU.a(lpc17xx_timer.o)
                              ./src/main.o (Timer0_Wait)
F:\EE2024Assignment2\Lib_MCU\Debug\libLib_MCU.a(lpc17xx_clkpwr.o)
                              F:\EE2024Assignment2\Lib_MCU\Debug\libLib_MCU.a(lpc17xx_timer.o) (CLKPWR_SetPCLKDiv)
F:\EE2024Assignment2\Lib_MCU\Debug\libLib_MCU.a(lpc17xx_libcfg_default.o)
                              F:\EE2024Assignment2\Lib_MCU\Debug\libLib_MCU.a(lpc17xx_ssp.o) (check_failed)
c:/labsoft/ee2024/lpcxpresso_6.1.4_194/lpcxpresso/tools/bin/../lib/gcc/arm-none-eabi/4.6.2/armv7-m\libgcc.a(_aeabi_uldivmod.o)
                              F:\EE2024Assignment2\Lib_CMSISv1p30_LPC17xx\Debug\libCMSISv1p30_LPC17xx.a(system_LPC17xx.o) (__aeabi_uldivmod)
c:/labsoft/ee2024/lpcxpresso_6.1.4_194/lpcxpresso/tools/bin/../lib/gcc/arm-none-eabi/4.6.2/armv7-m\libgcc.a(bpabi.o)
                              c:/labsoft/ee2024/lpcxpresso_6.1.4_194/lpcxpresso/tools/bin/../lib/gcc/arm-none-eabi/4.6.2/armv7-m\libgcc.a(_aeabi_uldivmod.o) (__gnu_uldivmod_helper)
c:/labsoft/ee2024/lpcxpresso_6.1.4_194/lpcxpresso/tools/bin/../lib/gcc/arm-none-eabi/4.6.2/armv7-m\libgcc.a(_dvmd_tls.o)
                              c:/labsoft/ee2024/lpcxpresso_6.1.4_194/lpcxpresso/tools/bin/../lib/gcc/arm-none-eabi/4.6.2/armv7-m\libgcc.a(_aeabi_uldivmod.o) (__aeabi_ldiv0)
c:/labsoft/ee2024/lpcxpresso_6.1.4_194/lpcxpresso/tools/bin/../lib/gcc/arm-none-eabi/4.6.2/armv7-m\libgcc.a(_divdi3.o)
                              c:/labsoft/ee2024/lpcxpresso_6.1.4_194/lpcxpresso/tools/bin/../lib/gcc/arm-none-eabi/4.6.2/armv7-m\libgcc.a(bpabi.o) (__divdi3)
c:/labsoft/ee2024/lpcxpresso_6.1.4_194/lpcxpresso/tools/bin/../lib/gcc/arm-none-eabi/4.6.2/armv7-m\libgcc.a(_udivdi3.o)
                              c:/labsoft/ee2024/lpcxpresso_6.1.4_194/lpcxpresso/tools/bin/../lib/gcc/arm-none-eabi/4.6.2/armv7-m\libgcc.a(bpabi.o) (__udivdi3)
c:/labsoft/ee2024/lpcxpresso_6.1.4_194/lpcxpresso/tools/bin/../lib/gcc/arm-none-eabi/4.6.2/../../../../arm-none-eabi/lib/armv7-m\libc.a(lib_a-memset.o)
                              F:\EE2024Assignment2\Lib_EaBaseBoard\Debug\libLib_EaBaseBoard.a(oled.o) (memset)

Discarded input sections

 .text          0x00000000        0x0 ./src/cr_startup_lpc17.o
 .data          0x00000000        0x0 ./src/cr_startup_lpc17.o
 .bss           0x00000000        0x0 ./src/cr_startup_lpc17.o
 .text.SysTick_Handler
                0x00000000        0x8 ./src/cr_startup_lpc17.o
 .text          0x00000000        0x0 ./src/main.o
 .data          0x00000000       0x3c ./src/main.o
 .text.playNote
                0x00000000       0x70 ./src/main.o
 .text.getNote  0x00000000       0x5c ./src/main.o
 .text.getDuration
                0x00000000       0x38 ./src/main.o
 .text.getPause
                0x00000000       0x4c ./src/main.o
 .text.playSong
                0x00000000       0x94 ./src/main.o
 .text          0x00000000        0x0 F:\EE2024Assignment2\Lib_CMSISv1p30_LPC17xx\Debug\libCMSISv1p30_LPC17xx.a(system_LPC17xx.o)
 .bss           0x00000000        0x0 F:\EE2024Assignment2\Lib_CMSISv1p30_LPC17xx\Debug\libCMSISv1p30_LPC17xx.a(system_LPC17xx.o)
 .text.SystemCoreClockUpdate
                0x00000000      0x2d0 F:\EE2024Assignment2\Lib_CMSISv1p30_LPC17xx\Debug\libCMSISv1p30_LPC17xx.a(system_LPC17xx.o)
 .text          0x00000000        0x0 F:\EE2024Assignment2\Lib_EaBaseBoard\Debug\libLib_EaBaseBoard.a(led7seg.o)
 .bss           0x00000000        0x0 F:\EE2024Assignment2\Lib_EaBaseBoard\Debug\libLib_EaBaseBoard.a(led7seg.o)
 .text          0x00000000        0x0 F:\EE2024Assignment2\Lib_EaBaseBoard\Debug\libLib_EaBaseBoard.a(oled.o)
 .data          0x00000000        0x0 F:\EE2024Assignment2\Lib_EaBaseBoard\Debug\libLib_EaBaseBoard.a(oled.o)
 .text.hLine    0x00000000       0x4c F:\EE2024Assignment2\Lib_EaBaseBoard\Debug\libLib_EaBaseBoard.a(oled.o)
 .text.vLine    0x00000000       0x4c F:\EE2024Assignment2\Lib_EaBaseBoard\Debug\libLib_EaBaseBoard.a(oled.o)
 .text.oled_line
                0x00000000      0x1d4 F:\EE2024Assignment2\Lib_EaBaseBoard\Debug\libLib_EaBaseBoard.a(oled.o)
 .text.oled_circle
                0x00000000      0x32c F:\EE2024Assignment2\Lib_EaBaseBoard\Debug\libLib_EaBaseBoard.a(oled.o)
 .text.oled_rect
                0x00000000       0x48 F:\EE2024Assignment2\Lib_EaBaseBoard\Debug\libLib_EaBaseBoard.a(oled.o)
 .text.oled_fillRect
                0x00000000       0x90 F:\EE2024Assignment2\Lib_EaBaseBoard\Debug\libLib_EaBaseBoard.a(oled.o)
 .text          0x00000000        0x0 F:\EE2024Assignment2\Lib_EaBaseBoard\Debug\libLib_EaBaseBoard.a(font5x7.o)
 .data          0x00000000        0x0 F:\EE2024Assignment2\Lib_EaBaseBoard\Debug\libLib_EaBaseBoard.a(font5x7.o)
 .bss           0x00000000        0x0 F:\EE2024Assignment2\Lib_EaBaseBoard\Debug\libLib_EaBaseBoard.a(font5x7.o)
 .text          0x00000000        0x0 F:\EE2024Assignment2\Lib_MCU\Debug\libLib_MCU.a(lpc17xx_gpio.o)
 .data          0x00000000        0x0 F:\EE2024Assignment2\Lib_MCU\Debug\libLib_MCU.a(lpc17xx_gpio.o)
 .bss           0x00000000        0x0 F:\EE2024Assignment2\Lib_MCU\Debug\libLib_MCU.a(lpc17xx_gpio.o)
 .text.FIO_HalfWordGetPointer
                0x00000000       0x7c F:\EE2024Assignment2\Lib_MCU\Debug\libLib_MCU.a(lpc17xx_gpio.o)
 .text.FIO_ByteGetPointer
                0x00000000       0x7c F:\EE2024Assignment2\Lib_MCU\Debug\libLib_MCU.a(lpc17xx_gpio.o)
 .text.GPIO_ReadValue
                0x00000000       0x30 F:\EE2024Assignment2\Lib_MCU\Debug\libLib_MCU.a(lpc17xx_gpio.o)
 .text.FIO_SetDir
                0x00000000       0x28 F:\EE2024Assignment2\Lib_MCU\Debug\libLib_MCU.a(lpc17xx_gpio.o)
 .text.FIO_SetValue
                0x00000000       0x20 F:\EE2024Assignment2\Lib_MCU\Debug\libLib_MCU.a(lpc17xx_gpio.o)
 .text.FIO_ClearValue
                0x00000000       0x20 F:\EE2024Assignment2\Lib_MCU\Debug\libLib_MCU.a(lpc17xx_gpio.o)
 .text.FIO_ReadValue
                0x00000000       0x20 F:\EE2024Assignment2\Lib_MCU\Debug\libLib_MCU.a(lpc17xx_gpio.o)
 .text.FIO_SetMask
                0x00000000       0x54 F:\EE2024Assignment2\Lib_MCU\Debug\libLib_MCU.a(lpc17xx_gpio.o)
 .text.FIO_HalfWordSetDir
                0x00000000       0x94 F:\EE2024Assignment2\Lib_MCU\Debug\libLib_MCU.a(lpc17xx_gpio.o)
 .text.FIO_HalfWordSetMask
                0x00000000       0x94 F:\EE2024Assignment2\Lib_MCU\Debug\libLib_MCU.a(lpc17xx_gpio.o)
 .text.FIO_HalfWordSetValue
                0x00000000       0x40 F:\EE2024Assignment2\Lib_MCU\Debug\libLib_MCU.a(lpc17xx_gpio.o)
 .text.FIO_HalfWordClearValue
                0x00000000       0x40 F:\EE2024Assignment2\Lib_MCU\Debug\libLib_MCU.a(lpc17xx_gpio.o)
 .text.FIO_HalfWordReadValue
                0x00000000       0x44 F:\EE2024Assignment2\Lib_MCU\Debug\libLib_MCU.a(lpc17xx_gpio.o)
 .text.FIO_ByteSetDir
                0x00000000       0x70 F:\EE2024Assignment2\Lib_MCU\Debug\libLib_MCU.a(lpc17xx_gpio.o)
 .text.FIO_ByteSetMask
                0x00000000       0x78 F:\EE2024Assignment2\Lib_MCU\Debug\libLib_MCU.a(lpc17xx_gpio.o)
 .text.FIO_ByteSetValue
                0x00000000       0x3c F:\EE2024Assignment2\Lib_MCU\Debug\libLib_MCU.a(lpc17xx_gpio.o)
 .text.FIO_ByteClearValue
                0x00000000       0x3c F:\EE2024Assignment2\Lib_MCU\Debug\libLib_MCU.a(lpc17xx_gpio.o)
 .text.FIO_ByteReadValue
                0x00000000       0x40 F:\EE2024Assignment2\Lib_MCU\Debug\libLib_MCU.a(lpc17xx_gpio.o)
 .text          0x00000000        0x0 F:\EE2024Assignment2\Lib_MCU\Debug\libLib_MCU.a(lpc17xx_pinsel.o)
 .data          0x00000000        0x0 F:\EE2024Assignment2\Lib_MCU\Debug\libLib_MCU.a(lpc17xx_pinsel.o)
 .bss           0x00000000        0x0 F:\EE2024Assignment2\Lib_MCU\Debug\libLib_MCU.a(lpc17xx_pinsel.o)
 .text.PINSEL_ConfigTraceFunc
                0x00000000       0x54 F:\EE2024Assignment2\Lib_MCU\Debug\libLib_MCU.a(lpc17xx_pinsel.o)
 .text.PINSEL_SetI2C0Pins
                0x00000000       0x3c F:\EE2024Assignment2\Lib_MCU\Debug\libLib_MCU.a(lpc17xx_pinsel.o)
 .text          0x00000000        0x0 F:\EE2024Assignment2\Lib_MCU\Debug\libLib_MCU.a(lpc17xx_ssp.o)
 .data          0x00000000        0x0 F:\EE2024Assignment2\Lib_MCU\Debug\libLib_MCU.a(lpc17xx_ssp.o)
 .text.SSP_DeInit
                0x00000000       0x74 F:\EE2024Assignment2\Lib_MCU\Debug\libLib_MCU.a(lpc17xx_ssp.o)
 .text.SSP_LoopBackCmd
                0x00000000       0x7c F:\EE2024Assignment2\Lib_MCU\Debug\libLib_MCU.a(lpc17xx_ssp.o)
 .text.SSP_SlaveOutputCmd
                0x00000000       0x7c F:\EE2024Assignment2\Lib_MCU\Debug\libLib_MCU.a(lpc17xx_ssp.o)
 .text.SSP_GetStatus
                0x00000000       0x84 F:\EE2024Assignment2\Lib_MCU\Debug\libLib_MCU.a(lpc17xx_ssp.o)
 .text.SSP_IntConfig
                0x00000000       0x98 F:\EE2024Assignment2\Lib_MCU\Debug\libLib_MCU.a(lpc17xx_ssp.o)
 .text.SSP_GetRawIntStatus
                0x00000000       0x7c F:\EE2024Assignment2\Lib_MCU\Debug\libLib_MCU.a(lpc17xx_ssp.o)
 .text.SSP_GetIntStatus
                0x00000000       0x7c F:\EE2024Assignment2\Lib_MCU\Debug\libLib_MCU.a(lpc17xx_ssp.o)
 .text.SSP_ClearIntPending
                0x00000000       0x60 F:\EE2024Assignment2\Lib_MCU\Debug\libLib_MCU.a(lpc17xx_ssp.o)
 .text.SSP_DMACmd
                0x00000000       0xa8 F:\EE2024Assignment2\Lib_MCU\Debug\libLib_MCU.a(lpc17xx_ssp.o)
 .text.SSP0_StdIntHandler
                0x00000000       0x1c F:\EE2024Assignment2\Lib_MCU\Debug\libLib_MCU.a(lpc17xx_ssp.o)
 .text.SSP1_StdIntHandler
                0x00000000       0x1c F:\EE2024Assignment2\Lib_MCU\Debug\libLib_MCU.a(lpc17xx_ssp.o)
 .text          0x00000000        0x0 F:\EE2024Assignment2\Lib_MCU\Debug\libLib_MCU.a(lpc17xx_timer.o)
 .data          0x00000000        0x0 F:\EE2024Assignment2\Lib_MCU\Debug\libLib_MCU.a(lpc17xx_timer.o)
 .bss           0x00000000        0x0 F:\EE2024Assignment2\Lib_MCU\Debug\libLib_MCU.a(lpc17xx_timer.o)
 .text.TIM_GetPClock
                0x00000000       0x68 F:\EE2024Assignment2\Lib_MCU\Debug\libLib_MCU.a(lpc17xx_timer.o)
 .text.TIM_ConverUSecToVal
                0x00000000       0x64 F:\EE2024Assignment2\Lib_MCU\Debug\libLib_MCU.a(lpc17xx_timer.o)
 .text.TIM_ConverPtrToTimeNum
                0x00000000       0x6c F:\EE2024Assignment2\Lib_MCU\Debug\libLib_MCU.a(lpc17xx_timer.o)
 .rodata        0x00000000       0x18 F:\EE2024Assignment2\Lib_MCU\Debug\libLib_MCU.a(lpc17xx_timer.o)
 .text.TIM_GetIntStatus
                0x00000000       0xb4 F:\EE2024Assignment2\Lib_MCU\Debug\libLib_MCU.a(lpc17xx_timer.o)
 .text.TIM_GetIntCaptureStatus
                0x00000000       0xb8 F:\EE2024Assignment2\Lib_MCU\Debug\libLib_MCU.a(lpc17xx_timer.o)
 .text.TIM_ClearIntPending
                0x00000000       0xa0 F:\EE2024Assignment2\Lib_MCU\Debug\libLib_MCU.a(lpc17xx_timer.o)
 .text.TIM_ClearIntCapturePending
                0x00000000       0xa4 F:\EE2024Assignment2\Lib_MCU\Debug\libLib_MCU.a(lpc17xx_timer.o)
 .text.TIM_ConfigStructInit
                0x00000000       0x40 F:\EE2024Assignment2\Lib_MCU\Debug\libLib_MCU.a(lpc17xx_timer.o)
 .text.TIM_Init
                0x00000000      0x1bc F:\EE2024Assignment2\Lib_MCU\Debug\libLib_MCU.a(lpc17xx_timer.o)
 .text.TIM_DeInit
                0x00000000       0xc4 F:\EE2024Assignment2\Lib_MCU\Debug\libLib_MCU.a(lpc17xx_timer.o)
 .text.TIM_Cmd  0x00000000       0x78 F:\EE2024Assignment2\Lib_MCU\Debug\libLib_MCU.a(lpc17xx_timer.o)
 .text.TIM_ResetCounter
                0x00000000       0x6c F:\EE2024Assignment2\Lib_MCU\Debug\libLib_MCU.a(lpc17xx_timer.o)
 .text.TIM_ConfigMatch
                0x00000000      0x19c F:\EE2024Assignment2\Lib_MCU\Debug\libLib_MCU.a(lpc17xx_timer.o)
 .text.TIM_ConfigCapture
                0x00000000      0x108 F:\EE2024Assignment2\Lib_MCU\Debug\libLib_MCU.a(lpc17xx_timer.o)
 .text.TIM_GetCaptureValue
                0x00000000       0x84 F:\EE2024Assignment2\Lib_MCU\Debug\libLib_MCU.a(lpc17xx_timer.o)
 .text.Timer0_Wait
                0x00000000       0x8c F:\EE2024Assignment2\Lib_MCU\Debug\libLib_MCU.a(lpc17xx_timer.o)
 .text.Timer0_us_Wait
                0x00000000       0x8c F:\EE2024Assignment2\Lib_MCU\Debug\libLib_MCU.a(lpc17xx_timer.o)
 .text          0x00000000        0x0 F:\EE2024Assignment2\Lib_MCU\Debug\libLib_MCU.a(lpc17xx_clkpwr.o)
 .data          0x00000000        0x0 F:\EE2024Assignment2\Lib_MCU\Debug\libLib_MCU.a(lpc17xx_clkpwr.o)
 .bss           0x00000000        0x0 F:\EE2024Assignment2\Lib_MCU\Debug\libLib_MCU.a(lpc17xx_clkpwr.o)
 .text.__WFI    0x00000000        0xc F:\EE2024Assignment2\Lib_MCU\Debug\libLib_MCU.a(lpc17xx_clkpwr.o)
 .text.CLKPWR_SetPCLKDiv
                0x00000000       0xcc F:\EE2024Assignment2\Lib_MCU\Debug\libLib_MCU.a(lpc17xx_clkpwr.o)
 .text.CLKPWR_Sleep
                0x00000000       0x1c F:\EE2024Assignment2\Lib_MCU\Debug\libLib_MCU.a(lpc17xx_clkpwr.o)
 .text.CLKPWR_DeepSleep
                0x00000000       0x28 F:\EE2024Assignment2\Lib_MCU\Debug\libLib_MCU.a(lpc17xx_clkpwr.o)
 .text.CLKPWR_PowerDown
                0x00000000       0x28 F:\EE2024Assignment2\Lib_MCU\Debug\libLib_MCU.a(lpc17xx_clkpwr.o)
 .text.CLKPWR_DeepPowerDown
                0x00000000       0x28 F:\EE2024Assignment2\Lib_MCU\Debug\libLib_MCU.a(lpc17xx_clkpwr.o)
 .text          0x00000000        0x0 F:\EE2024Assignment2\Lib_MCU\Debug\libLib_MCU.a(lpc17xx_libcfg_default.o)
 .data          0x00000000        0x0 F:\EE2024Assignment2\Lib_MCU\Debug\libLib_MCU.a(lpc17xx_libcfg_default.o)
 .bss           0x00000000        0x0 F:\EE2024Assignment2\Lib_MCU\Debug\libLib_MCU.a(lpc17xx_libcfg_default.o)
 .text          0x00000000       0x2c c:/labsoft/ee2024/lpcxpresso_6.1.4_194/lpcxpresso/tools/bin/../lib/gcc/arm-none-eabi/4.6.2/armv7-m\libgcc.a(_aeabi_uldivmod.o)
 .data          0x00000000        0x0 c:/labsoft/ee2024/lpcxpresso_6.1.4_194/lpcxpresso/tools/bin/../lib/gcc/arm-none-eabi/4.6.2/armv7-m\libgcc.a(_aeabi_uldivmod.o)
 .bss           0x00000000        0x0 c:/labsoft/ee2024/lpcxpresso_6.1.4_194/lpcxpresso/tools/bin/../lib/gcc/arm-none-eabi/4.6.2/armv7-m\libgcc.a(_aeabi_uldivmod.o)
 .text          0x00000000       0x5c c:/labsoft/ee2024/lpcxpresso_6.1.4_194/lpcxpresso/tools/bin/../lib/gcc/arm-none-eabi/4.6.2/armv7-m\libgcc.a(bpabi.o)
 .data          0x00000000        0x0 c:/labsoft/ee2024/lpcxpresso_6.1.4_194/lpcxpresso/tools/bin/../lib/gcc/arm-none-eabi/4.6.2/armv7-m\libgcc.a(bpabi.o)
 .bss           0x00000000        0x0 c:/labsoft/ee2024/lpcxpresso_6.1.4_194/lpcxpresso/tools/bin/../lib/gcc/arm-none-eabi/4.6.2/armv7-m\libgcc.a(bpabi.o)
 .text          0x00000000        0x4 c:/labsoft/ee2024/lpcxpresso_6.1.4_194/lpcxpresso/tools/bin/../lib/gcc/arm-none-eabi/4.6.2/armv7-m\libgcc.a(_dvmd_tls.o)
 .data          0x00000000        0x0 c:/labsoft/ee2024/lpcxpresso_6.1.4_194/lpcxpresso/tools/bin/../lib/gcc/arm-none-eabi/4.6.2/armv7-m\libgcc.a(_dvmd_tls.o)
 .bss           0x00000000        0x0 c:/labsoft/ee2024/lpcxpresso_6.1.4_194/lpcxpresso/tools/bin/../lib/gcc/arm-none-eabi/4.6.2/armv7-m\libgcc.a(_dvmd_tls.o)
 .text          0x00000000      0x2c8 c:/labsoft/ee2024/lpcxpresso_6.1.4_194/lpcxpresso/tools/bin/../lib/gcc/arm-none-eabi/4.6.2/armv7-m\libgcc.a(_divdi3.o)
 .data          0x00000000        0x0 c:/labsoft/ee2024/lpcxpresso_6.1.4_194/lpcxpresso/tools/bin/../lib/gcc/arm-none-eabi/4.6.2/armv7-m\libgcc.a(_divdi3.o)
 .bss           0x00000000        0x0 c:/labsoft/ee2024/lpcxpresso_6.1.4_194/lpcxpresso/tools/bin/../lib/gcc/arm-none-eabi/4.6.2/armv7-m\libgcc.a(_divdi3.o)
 .ARM.extab     0x00000000        0x0 c:/labsoft/ee2024/lpcxpresso_6.1.4_194/lpcxpresso/tools/bin/../lib/gcc/arm-none-eabi/4.6.2/armv7-m\libgcc.a(_divdi3.o)
 .ARM.exidx     0x00000000        0x8 c:/labsoft/ee2024/lpcxpresso_6.1.4_194/lpcxpresso/tools/bin/../lib/gcc/arm-none-eabi/4.6.2/armv7-m\libgcc.a(_divdi3.o)
 .text          0x00000000      0x298 c:/labsoft/ee2024/lpcxpresso_6.1.4_194/lpcxpresso/tools/bin/../lib/gcc/arm-none-eabi/4.6.2/armv7-m\libgcc.a(_udivdi3.o)
 .data          0x00000000        0x0 c:/labsoft/ee2024/lpcxpresso_6.1.4_194/lpcxpresso/tools/bin/../lib/gcc/arm-none-eabi/4.6.2/armv7-m\libgcc.a(_udivdi3.o)
 .bss           0x00000000        0x0 c:/labsoft/ee2024/lpcxpresso_6.1.4_194/lpcxpresso/tools/bin/../lib/gcc/arm-none-eabi/4.6.2/armv7-m\libgcc.a(_udivdi3.o)
 .ARM.extab     0x00000000        0x0 c:/labsoft/ee2024/lpcxpresso_6.1.4_194/lpcxpresso/tools/bin/../lib/gcc/arm-none-eabi/4.6.2/armv7-m\libgcc.a(_udivdi3.o)
 .ARM.exidx     0x00000000        0x8 c:/labsoft/ee2024/lpcxpresso_6.1.4_194/lpcxpresso/tools/bin/../lib/gcc/arm-none-eabi/4.6.2/armv7-m\libgcc.a(_udivdi3.o)
 .text          0x00000000        0x0 c:/labsoft/ee2024/lpcxpresso_6.1.4_194/lpcxpresso/tools/bin/../lib/gcc/arm-none-eabi/4.6.2/../../../../arm-none-eabi/lib/armv7-m\libc.a(lib_a-memset.o)
 .data          0x00000000        0x0 c:/labsoft/ee2024/lpcxpresso_6.1.4_194/lpcxpresso/tools/bin/../lib/gcc/arm-none-eabi/4.6.2/../../../../arm-none-eabi/lib/armv7-m\libc.a(lib_a-memset.o)
 .bss           0x00000000        0x0 c:/labsoft/ee2024/lpcxpresso_6.1.4_194/lpcxpresso/tools/bin/../lib/gcc/arm-none-eabi/4.6.2/../../../../arm-none-eabi/lib/armv7-m\libc.a(lib_a-memset.o)

Memory Configuration

Name             Origin             Length             Attributes
MFlash512        0x00000000         0x00080000         xr
RamLoc32         0x10000000         0x00008000         xrw
RamAHB32         0x2007c000         0x00008000         xrw
*default*        0x00000000         0xffffffff

Linker script and memory map

LOAD ./src/cr_startup_lpc17.o
LOAD ./src/main.o
LOAD F:\EE2024Assignment2\Lib_CMSISv1p30_LPC17xx\Debug\libCMSISv1p30_LPC17xx.a
LOAD F:\EE2024Assignment2\Lib_EaBaseBoard\Debug\libLib_EaBaseBoard.a
LOAD F:\EE2024Assignment2\Lib_MCU\Debug\libLib_MCU.a
START GROUP
LOAD c:/labsoft/ee2024/lpcxpresso_6.1.4_194/lpcxpresso/tools/bin/../lib/gcc/arm-none-eabi/4.6.2/armv7-m\libgcc.a
LOAD c:/labsoft/ee2024/lpcxpresso_6.1.4_194/lpcxpresso/tools/bin/../lib/gcc/arm-none-eabi/4.6.2/../../../../arm-none-eabi/lib/armv7-m\libc.a
LOAD c:/labsoft/ee2024/lpcxpresso_6.1.4_194/lpcxpresso/tools/bin/../lib/gcc/arm-none-eabi/4.6.2/../../../../arm-none-eabi/lib/armv7-m\libm.a
LOAD c:/labsoft/ee2024/lpcxpresso_6.1.4_194/lpcxpresso/tools/bin/../lib/gcc/arm-none-eabi/4.6.2/../../../../arm-none-eabi/lib/armv7-m\libcr_newlib_semihost.a
END GROUP
                0x00080000                __top_MFlash512 = 0x80000
                0x10008000                __top_RamLoc32 = 0x10008000
                0x20084000                __top_RamAHB32 = 0x20084000

.text           0x00000000     0x2284
 FILL mask 0xff
                0x00000000                __vectors_start__ = ABSOLUTE (.)
 *(.isr_vector)
 .isr_vector    0x00000000       0xcc ./src/cr_startup_lpc17.o
                0x00000000                g_pfnVectors
                0x000000cc                . = ALIGN (0x4)
                0x000000cc                __section_table_start = .
                0x000000cc                __data_section_table = .
                0x000000cc        0x4 LONG 0x2284 LOADADDR (.data)
                0x000000d0        0x4 LONG 0x10000000 ADDR (.data)
                0x000000d4        0x4 LONG 0x54 SIZEOF (.data)
                0x000000d8        0x4 LONG 0x2284 LOADADDR (.data_RAM2)
                0x000000dc        0x4 LONG 0x2007c000 ADDR (.data_RAM2)
                0x000000e0        0x4 LONG 0x0 SIZEOF (.data_RAM2)
                0x000000e4                __data_section_table_end = .
                0x000000e4                __bss_section_table = .
                0x000000e4        0x4 LONG 0x10000054 ADDR (.bss)
                0x000000e8        0x4 LONG 0x31c SIZEOF (.bss)
                0x000000ec        0x4 LONG 0x2007c000 ADDR (.bss_RAM2)
                0x000000f0        0x4 LONG 0x0 SIZEOF (.bss_RAM2)
                0x000000f4                __bss_section_table_end = .
                0x000000f4                __section_table_end = .
 *(.after_vectors*)
 *(.text*)
 .text.ResetISR
                0x000000f4       0x68 ./src/cr_startup_lpc17.o
                0x000000f4                ResetISR
 .text.NMI_Handler
                0x0000015c        0x8 ./src/cr_startup_lpc17.o
                0x0000015c                NMI_Handler
 .text.HardFault_Handler
                0x00000164        0x8 ./src/cr_startup_lpc17.o
                0x00000164                HardFault_Handler
 .text.MemManage_Handler
                0x0000016c        0x8 ./src/cr_startup_lpc17.o
                0x0000016c                MemManage_Handler
 .text.BusFault_Handler
                0x00000174        0x8 ./src/cr_startup_lpc17.o
                0x00000174                BusFault_Handler
 .text.UsageFault_Handler
                0x0000017c        0x8 ./src/cr_startup_lpc17.o
                0x0000017c                UsageFault_Handler
 .text.SVCall_Handler
                0x00000184        0x8 ./src/cr_startup_lpc17.o
                0x00000184                SVCall_Handler
 .text.DebugMon_Handler
                0x0000018c        0x8 ./src/cr_startup_lpc17.o
                0x0000018c                DebugMon_Handler
 .text.PendSV_Handler
                0x00000194        0x8 ./src/cr_startup_lpc17.o
                0x00000194                PendSV_Handler
 .text.IntDefaultHandler
                0x0000019c        0x8 ./src/cr_startup_lpc17.o
                0x0000019c                TIMER2_IRQHandler
                0x0000019c                RIT_IRQHandler
                0x0000019c                I2C0_IRQHandler
                0x0000019c                USBActivity_IRQHandler
                0x0000019c                PWM1_IRQHandler
                0x0000019c                I2C1_IRQHandler
                0x0000019c                EINT2_IRQHandler
                0x0000019c                UART1_IRQHandler
                0x0000019c                EINT3_IRQHandler
                0x0000019c                CANActivity_IRQHandler
                0x0000019c                TIMER3_IRQHandler
                0x0000019c                UART0_IRQHandler
                0x0000019c                IntDefaultHandler
                0x0000019c                PLL0_IRQHandler
                0x0000019c                CAN_IRQHandler
                0x0000019c                PLL1_IRQHandler
                0x0000019c                SSP0_IRQHandler
                0x0000019c                I2S_IRQHandler
                0x0000019c                I2C2_IRQHandler
                0x0000019c                RTC_IRQHandler
                0x0000019c                TIMER0_IRQHandler
                0x0000019c                SPI_IRQHandler
                0x0000019c                EINT1_IRQHandler
                0x0000019c                TIMER1_IRQHandler
                0x0000019c                UART2_IRQHandler
                0x0000019c                ADC_IRQHandler
                0x0000019c                SSP1_IRQHandler
                0x0000019c                USB_IRQHandler
                0x0000019c                BOD_IRQHandler
                0x0000019c                WDT_IRQHandler
                0x0000019c                QEI_IRQHandler
                0x0000019c                EINT0_IRQHandler
                0x0000019c                DMA_IRQHandler
                0x0000019c                UART3_IRQHandler
                0x0000019c                MCPWM_IRQHandler
                0x0000019c                ENET_IRQHandler
 .text.NVIC_SetPriority
                0x000001a4       0x5c ./src/main.o
 .text.SysTick_Config
                0x00000200       0x64 ./src/main.o
 .text.init_GPIO
                0x00000264       0xa8 ./src/main.o
 .text.init_ssp
                0x0000030c       0x98 ./src/main.o
 .text.SysTick_Handler
                0x000003a4       0x24 ./src/main.o
                0x000003a4                SysTick_Handler
 .text.displayValOn7Seg
                0x000003c8      0x140 ./src/main.o
 .text.main     0x00000508       0xf8 ./src/main.o
                0x00000508                main
 .text.SystemInit
                0x00000600      0x22c F:\EE2024Assignment2\Lib_CMSISv1p30_LPC17xx\Debug\libCMSISv1p30_LPC17xx.a(system_LPC17xx.o)
                0x00000600                SystemInit
 .text.led7seg_init
                0x0000082c       0x24 F:\EE2024Assignment2\Lib_EaBaseBoard\Debug\libLib_EaBaseBoard.a(led7seg.o)
                0x0000082c                led7seg_init
 .text.led7seg_setChar
                0x00000850       0x88 F:\EE2024Assignment2\Lib_EaBaseBoard\Debug\libLib_EaBaseBoard.a(led7seg.o)
                0x00000850                led7seg_setChar
 .text.writeCommand
                0x000008d8       0x60 F:\EE2024Assignment2\Lib_EaBaseBoard\Debug\libLib_EaBaseBoard.a(oled.o)
 .text.writeData
                0x00000938       0x60 F:\EE2024Assignment2\Lib_EaBaseBoard\Debug\libLib_EaBaseBoard.a(oled.o)
 .text.writeDataLen
                0x00000998       0x8c F:\EE2024Assignment2\Lib_EaBaseBoard\Debug\libLib_EaBaseBoard.a(oled.o)
 .text.runInitSequence
                0x00000a24      0x118 F:\EE2024Assignment2\Lib_EaBaseBoard\Debug\libLib_EaBaseBoard.a(oled.o)
 .text.oled_init
                0x00000b3c       0x9c F:\EE2024Assignment2\Lib_EaBaseBoard\Debug\libLib_EaBaseBoard.a(oled.o)
                0x00000b3c                oled_init
 .text.oled_putPixel
                0x00000bd8      0x188 F:\EE2024Assignment2\Lib_EaBaseBoard\Debug\libLib_EaBaseBoard.a(oled.o)
                0x00000bd8                oled_putPixel
 .text.oled_clearScreen
                0x00000d60       0x74 F:\EE2024Assignment2\Lib_EaBaseBoard\Debug\libLib_EaBaseBoard.a(oled.o)
                0x00000d60                oled_clearScreen
 .text.oled_putChar
                0x00000dd4       0xf0 F:\EE2024Assignment2\Lib_EaBaseBoard\Debug\libLib_EaBaseBoard.a(oled.o)
                0x00000dd4                oled_putChar
 .text.oled_putString
                0x00000ec4       0x54 F:\EE2024Assignment2\Lib_EaBaseBoard\Debug\libLib_EaBaseBoard.a(oled.o)
                0x00000ec4                oled_putString
 .text.GPIO_GetPointer
                0x00000f18       0x7c F:\EE2024Assignment2\Lib_MCU\Debug\libLib_MCU.a(lpc17xx_gpio.o)
 .text.GPIO_SetDir
                0x00000f94       0x54 F:\EE2024Assignment2\Lib_MCU\Debug\libLib_MCU.a(lpc17xx_gpio.o)
                0x00000f94                GPIO_SetDir
 .text.GPIO_SetValue
                0x00000fe8       0x2c F:\EE2024Assignment2\Lib_MCU\Debug\libLib_MCU.a(lpc17xx_gpio.o)
                0x00000fe8                GPIO_SetValue
 .text.GPIO_ClearValue
                0x00001014       0x2c F:\EE2024Assignment2\Lib_MCU\Debug\libLib_MCU.a(lpc17xx_gpio.o)
                0x00001014                GPIO_ClearValue
 .text.PINSEL_SetPinFunc
                0x00001040       0x9c F:\EE2024Assignment2\Lib_MCU\Debug\libLib_MCU.a(lpc17xx_pinsel.o)
                0x00001040                PINSEL_SetPinFunc
 .text.PINSEL_SetResistorMode
                0x000010dc       0x9c F:\EE2024Assignment2\Lib_MCU\Debug\libLib_MCU.a(lpc17xx_pinsel.o)
                0x000010dc                PINSEL_SetResistorMode
 .text.PINSEL_SetOpenDrainMode
                0x00001178       0x7c F:\EE2024Assignment2\Lib_MCU\Debug\libLib_MCU.a(lpc17xx_pinsel.o)
                0x00001178                PINSEL_SetOpenDrainMode
 .text.PINSEL_ConfigPin
                0x000011f4       0x54 F:\EE2024Assignment2\Lib_MCU\Debug\libLib_MCU.a(lpc17xx_pinsel.o)
                0x000011f4                PINSEL_ConfigPin
 .text.SSP_getNum
                0x00001248       0x40 F:\EE2024Assignment2\Lib_MCU\Debug\libLib_MCU.a(lpc17xx_ssp.o)
 .text.SSP_IntHandler
                0x00001288      0x338 F:\EE2024Assignment2\Lib_MCU\Debug\libLib_MCU.a(lpc17xx_ssp.o)
                0x00001288                SSP_IntHandler
 .text.SSP_SetClock
                0x000015c0       0xf8 F:\EE2024Assignment2\Lib_MCU\Debug\libLib_MCU.a(lpc17xx_ssp.o)
                0x000015c0                SSP_SetClock
 .text.SSP_Init
                0x000016b8      0x10c F:\EE2024Assignment2\Lib_MCU\Debug\libLib_MCU.a(lpc17xx_ssp.o)
                0x000016b8                SSP_Init
 .text.SSP_ConfigStructInit
                0x000017c4       0x48 F:\EE2024Assignment2\Lib_MCU\Debug\libLib_MCU.a(lpc17xx_ssp.o)
                0x000017c4                SSP_ConfigStructInit
 .text.SSP_Cmd  0x0000180c       0x7c F:\EE2024Assignment2\Lib_MCU\Debug\libLib_MCU.a(lpc17xx_ssp.o)
                0x0000180c                SSP_Cmd
 .text.SSP_SendData
                0x00001888       0x48 F:\EE2024Assignment2\Lib_MCU\Debug\libLib_MCU.a(lpc17xx_ssp.o)
                0x00001888                SSP_SendData
 .text.SSP_ReceiveData
                0x000018d0       0x44 F:\EE2024Assignment2\Lib_MCU\Debug\libLib_MCU.a(lpc17xx_ssp.o)
                0x000018d0                SSP_ReceiveData
 .text.SSP_ReadWrite
                0x00001914      0x440 F:\EE2024Assignment2\Lib_MCU\Debug\libLib_MCU.a(lpc17xx_ssp.o)
                0x00001914                SSP_ReadWrite
 .text.CLKPWR_GetPCLKSEL
                0x00001d54       0x54 F:\EE2024Assignment2\Lib_MCU\Debug\libLib_MCU.a(lpc17xx_clkpwr.o)
                0x00001d54                CLKPWR_GetPCLKSEL
 .text.CLKPWR_GetPCLK
                0x00001da8       0x74 F:\EE2024Assignment2\Lib_MCU\Debug\libLib_MCU.a(lpc17xx_clkpwr.o)
                0x00001da8                CLKPWR_GetPCLK
 .text.CLKPWR_ConfigPPWR
                0x00001e1c       0x78 F:\EE2024Assignment2\Lib_MCU\Debug\libLib_MCU.a(lpc17xx_clkpwr.o)
                0x00001e1c                CLKPWR_ConfigPPWR
 .text.check_failed
                0x00001e94        0xc F:\EE2024Assignment2\Lib_MCU\Debug\libLib_MCU.a(lpc17xx_libcfg_default.o)
                0x00001e94                check_failed
 .text.memset   0x00001ea0       0x90 c:/labsoft/ee2024/lpcxpresso_6.1.4_194/lpcxpresso/tools/bin/../lib/gcc/arm-none-eabi/4.6.2/../../../../arm-none-eabi/lib/armv7-m\libc.a(lib_a-memset.o)
                0x00001ea0                memset
 *(.rodata .rodata.* .constdata .constdata.*)
 .rodata        0x00001f30       0x34 ./src/main.o
 .rodata        0x00001f64        0x8 F:\EE2024Assignment2\Lib_EaBaseBoard\Debug\libLib_EaBaseBoard.a(oled.o)
 .rodata        0x00001f6c      0x300 F:\EE2024Assignment2\Lib_EaBaseBoard\Debug\libLib_EaBaseBoard.a(font5x7.o)
                0x00001f6c                font5x7
 .rodata        0x0000226c       0x18 F:\EE2024Assignment2\Lib_MCU\Debug\libLib_MCU.a(lpc17xx_ssp.o)
                0x00002284                . = ALIGN (0x4)

.glue_7         0x00002284        0x0
 .glue_7        0x00000000        0x0 linker stubs

.glue_7t        0x00002284        0x0
 .glue_7t       0x00000000        0x0 linker stubs

.vfp11_veneer   0x00002284        0x0
 .vfp11_veneer  0x00000000        0x0 linker stubs

.v4_bx          0x00002284        0x0
 .v4_bx         0x00000000        0x0 linker stubs

.ARM.extab
 *(.ARM.extab* .gnu.linkonce.armextab.*)
                0x00002284                __exidx_start = .

.ARM.exidx
 *(.ARM.exidx* .gnu.linkonce.armexidx.*)
                0x00002284                __exidx_end = .
                0x00002284                _etext = .

.data_RAM2      0x2007c000        0x0 load address 0x00002284
 FILL mask 0xff
 *(.data.$RAM2*)
 *(.data.$RamAHB32*)
                0x2007c000                . = ALIGN (0x4)

.uninit_RESERVED
                0x10000000        0x0
 *(.bss.$RESERVED*)
                0x10000000                . = ALIGN (0x4)
                0x10000000                _end_uninit_RESERVED = .

.data           0x10000000       0x54 load address 0x00002284
 FILL mask 0xff
                0x10000000                _data = .
 *(vtable)
 *(.data*)
 .data          0x10000000        0x4 F:\EE2024Assignment2\Lib_CMSISv1p30_LPC17xx\Debug\libCMSISv1p30_LPC17xx.a(system_LPC17xx.o)
                0x10000000                SystemCoreClock
 .data          0x10000004       0x50 F:\EE2024Assignment2\Lib_EaBaseBoard\Debug\libLib_EaBaseBoard.a(led7seg.o)
                0x10000054                . = ALIGN (0x4)
                0x10000054                _edata = .

.bss_RAM2       0x2007c000        0x0
 *(.bss.$RAM2*)
 *(.bss.$RamAHB32*)
                0x2007c000                . = ALIGN (0x4)

.bss            0x10000054      0x31c
                0x10000054                _bss = .
 *(.bss*)
 .bss           0x10000054        0x4 ./src/main.o
                0x10000054                msTicks
 .bss           0x10000058      0x300 F:\EE2024Assignment2\Lib_EaBaseBoard\Debug\libLib_EaBaseBoard.a(oled.o)
 .bss           0x10000358       0x18 F:\EE2024Assignment2\Lib_MCU\Debug\libLib_MCU.a(lpc17xx_ssp.o)
 *(COMMON)
                0x10000370                . = ALIGN (0x4)
                0x10000370                _ebss = .
                0x10000370                PROVIDE (end, .)

.noinit_RAM2    0x2007c000        0x0
 *(.noinit.$RAM2*)
 *(.noinit.$RamAHB32*)
                0x2007c000                . = ALIGN (0x4)

.noinit         0x10000370        0x0
                0x10000370                _noinit = .
 *(.noinit*)
                0x10000370                . = ALIGN (0x4)
                0x10000370                _end_noinit = .
                0x10000370                PROVIDE (_pvHeapStart, .)
                0x10008000                PROVIDE (_vStackTop, (__top_RamLoc32 - 0x0))
OUTPUT(demo_GPIO.axf elf32-littlearm)

.debug_abbrev   0x00000000      0xf01
 .debug_abbrev  0x00000000       0xbd ./src/cr_startup_lpc17.o
 .debug_abbrev  0x000000bd      0x206 ./src/main.o
 .debug_abbrev  0x000002c3       0xce F:\EE2024Assignment2\Lib_CMSISv1p30_LPC17xx\Debug\libCMSISv1p30_LPC17xx.a(system_LPC17xx.o)
 .debug_abbrev  0x00000391      0x155 F:\EE2024Assignment2\Lib_EaBaseBoard\Debug\libLib_EaBaseBoard.a(led7seg.o)
 .debug_abbrev  0x000004e6      0x1f1 F:\EE2024Assignment2\Lib_EaBaseBoard\Debug\libLib_EaBaseBoard.a(oled.o)
 .debug_abbrev  0x000006d7       0x4b F:\EE2024Assignment2\Lib_EaBaseBoard\Debug\libLib_EaBaseBoard.a(font5x7.o)
 .debug_abbrev  0x00000722      0x185 F:\EE2024Assignment2\Lib_MCU\Debug\libLib_MCU.a(lpc17xx_gpio.o)
 .debug_abbrev  0x000008a7      0x10a F:\EE2024Assignment2\Lib_MCU\Debug\libLib_MCU.a(lpc17xx_pinsel.o)
 .debug_abbrev  0x000009b1      0x1d3 F:\EE2024Assignment2\Lib_MCU\Debug\libLib_MCU.a(lpc17xx_ssp.o)
 .debug_abbrev  0x00000b84      0x19f F:\EE2024Assignment2\Lib_MCU\Debug\libLib_MCU.a(lpc17xx_timer.o)
 .debug_abbrev  0x00000d23      0x174 F:\EE2024Assignment2\Lib_MCU\Debug\libLib_MCU.a(lpc17xx_clkpwr.o)
 .debug_abbrev  0x00000e97       0x6a F:\EE2024Assignment2\Lib_MCU\Debug\libLib_MCU.a(lpc17xx_libcfg_default.o)

.debug_info     0x00000000     0x438a
 .debug_info    0x00000000      0x1e5 ./src/cr_startup_lpc17.o
 .debug_info    0x000001e5      0x94b ./src/main.o
 .debug_info    0x00000b30      0x357 F:\EE2024Assignment2\Lib_CMSISv1p30_LPC17xx\Debug\libCMSISv1p30_LPC17xx.a(system_LPC17xx.o)
 .debug_info    0x00000e87      0x282 F:\EE2024Assignment2\Lib_EaBaseBoard\Debug\libLib_EaBaseBoard.a(led7seg.o)
 .debug_info    0x00001109      0x97d F:\EE2024Assignment2\Lib_EaBaseBoard\Debug\libLib_EaBaseBoard.a(oled.o)
 .debug_info    0x00001a86       0x65 F:\EE2024Assignment2\Lib_EaBaseBoard\Debug\libLib_EaBaseBoard.a(font5x7.o)
 .debug_info    0x00001aeb      0xb95 F:\EE2024Assignment2\Lib_MCU\Debug\libLib_MCU.a(lpc17xx_gpio.o)
 .debug_info    0x00002680      0x4b1 F:\EE2024Assignment2\Lib_MCU\Debug\libLib_MCU.a(lpc17xx_pinsel.o)
 .debug_info    0x00002b31      0x867 F:\EE2024Assignment2\Lib_MCU\Debug\libLib_MCU.a(lpc17xx_ssp.o)
 .debug_info    0x00003398      0x8e4 F:\EE2024Assignment2\Lib_MCU\Debug\libLib_MCU.a(lpc17xx_timer.o)
 .debug_info    0x00003c7c      0x641 F:\EE2024Assignment2\Lib_MCU\Debug\libLib_MCU.a(lpc17xx_clkpwr.o)
 .debug_info    0x000042bd       0xcd F:\EE2024Assignment2\Lib_MCU\Debug\libLib_MCU.a(lpc17xx_libcfg_default.o)

.debug_line     0x00000000     0x39c1
 .debug_line    0x00000000      0x22f ./src/cr_startup_lpc17.o
 .debug_line    0x0000022f      0x4f1 ./src/main.o
 .debug_line    0x00000720      0x426 F:\EE2024Assignment2\Lib_CMSISv1p30_LPC17xx\Debug\libCMSISv1p30_LPC17xx.a(system_LPC17xx.o)
 .debug_line    0x00000b46      0x44c F:\EE2024Assignment2\Lib_EaBaseBoard\Debug\libLib_EaBaseBoard.a(led7seg.o)
 .debug_line    0x00000f92      0x756 F:\EE2024Assignment2\Lib_EaBaseBoard\Debug\libLib_EaBaseBoard.a(oled.o)
 .debug_line    0x000016e8       0x6a F:\EE2024Assignment2\Lib_EaBaseBoard\Debug\libLib_EaBaseBoard.a(font5x7.o)
 .debug_line    0x00001752      0x5e5 F:\EE2024Assignment2\Lib_MCU\Debug\libLib_MCU.a(lpc17xx_gpio.o)
 .debug_line    0x00001d37      0x464 F:\EE2024Assignment2\Lib_MCU\Debug\libLib_MCU.a(lpc17xx_pinsel.o)
 .debug_line    0x0000219b      0x833 F:\EE2024Assignment2\Lib_MCU\Debug\libLib_MCU.a(lpc17xx_ssp.o)
 .debug_line    0x000029ce      0x791 F:\EE2024Assignment2\Lib_MCU\Debug\libLib_MCU.a(lpc17xx_timer.o)
 .debug_line    0x0000315f      0x4c5 F:\EE2024Assignment2\Lib_MCU\Debug\libLib_MCU.a(lpc17xx_clkpwr.o)
 .debug_line    0x00003624      0x39d F:\EE2024Assignment2\Lib_MCU\Debug\libLib_MCU.a(lpc17xx_libcfg_default.o)

.debug_macinfo  0x00000000    0x5d289
 .debug_macinfo
                0x00000000     0x151f ./src/cr_startup_lpc17.o
 .debug_macinfo
                0x0000151f     0x9c34 ./src/main.o
 .debug_macinfo
                0x0000b153     0x83f8 F:\EE2024Assignment2\Lib_CMSISv1p30_LPC17xx\Debug\libCMSISv1p30_LPC17xx.a(system_LPC17xx.o)
 .debug_macinfo
                0x0001354b     0x96a3 F:\EE2024Assignment2\Lib_EaBaseBoard\Debug\libLib_EaBaseBoard.a(led7seg.o)
 .debug_macinfo
                0x0001cbee     0xa143 F:\EE2024Assignment2\Lib_EaBaseBoard\Debug\libLib_EaBaseBoard.a(oled.o)
 .debug_macinfo
                0x00026d31     0x332a F:\EE2024Assignment2\Lib_EaBaseBoard\Debug\libLib_EaBaseBoard.a(font5x7.o)
 .debug_macinfo
                0x0002a05b     0x86b8 F:\EE2024Assignment2\Lib_MCU\Debug\libLib_MCU.a(lpc17xx_gpio.o)
 .debug_macinfo
                0x00032713     0x87d3 F:\EE2024Assignment2\Lib_MCU\Debug\libLib_MCU.a(lpc17xx_pinsel.o)
 .debug_macinfo
                0x0003aee6     0xa8d0 F:\EE2024Assignment2\Lib_MCU\Debug\libLib_MCU.a(lpc17xx_ssp.o)
 .debug_macinfo
                0x000457b6     0xa4cd F:\EE2024Assignment2\Lib_MCU\Debug\libLib_MCU.a(lpc17xx_timer.o)
 .debug_macinfo
                0x0004fc83     0x95f9 F:\EE2024Assignment2\Lib_MCU\Debug\libLib_MCU.a(lpc17xx_clkpwr.o)
 .debug_macinfo
                0x0005927c     0x400d F:\EE2024Assignment2\Lib_MCU\Debug\libLib_MCU.a(lpc17xx_libcfg_default.o)

.debug_frame    0x00000000      0xf5c
 .debug_frame   0x00000000      0x120 ./src/cr_startup_lpc17.o
 .debug_frame   0x00000120      0x178 ./src/main.o
 .debug_frame   0x00000298       0x48 F:\EE2024Assignment2\Lib_CMSISv1p30_LPC17xx\Debug\libCMSISv1p30_LPC17xx.a(system_LPC17xx.o)
 .debug_frame   0x000002e0       0x4c F:\EE2024Assignment2\Lib_EaBaseBoard\Debug\libLib_EaBaseBoard.a(led7seg.o)
 .debug_frame   0x0000032c      0x1ec F:\EE2024Assignment2\Lib_EaBaseBoard\Debug\libLib_EaBaseBoard.a(oled.o)
 .debug_frame   0x00000518      0x2c4 F:\EE2024Assignment2\Lib_MCU\Debug\libLib_MCU.a(lpc17xx_gpio.o)
 .debug_frame   0x000007dc       0xbc F:\EE2024Assignment2\Lib_MCU\Debug\libLib_MCU.a(lpc17xx_pinsel.o)
 .debug_frame   0x00000898      0x280 F:\EE2024Assignment2\Lib_MCU\Debug\libLib_MCU.a(lpc17xx_ssp.o)
 .debug_frame   0x00000b18      0x228 F:\EE2024Assignment2\Lib_MCU\Debug\libLib_MCU.a(lpc17xx_timer.o)
 .debug_frame   0x00000d40      0x10c F:\EE2024Assignment2\Lib_MCU\Debug\libLib_MCU.a(lpc17xx_clkpwr.o)
 .debug_frame   0x00000e4c       0x2c F:\EE2024Assignment2\Lib_MCU\Debug\libLib_MCU.a(lpc17xx_libcfg_default.o)
 .debug_frame   0x00000e78       0x50 c:/labsoft/ee2024/lpcxpresso_6.1.4_194/lpcxpresso/tools/bin/../lib/gcc/arm-none-eabi/4.6.2/armv7-m\libgcc.a(bpabi.o)
 .debug_frame   0x00000ec8       0x34 c:/labsoft/ee2024/lpcxpresso_6.1.4_194/lpcxpresso/tools/bin/../lib/gcc/arm-none-eabi/4.6.2/armv7-m\libgcc.a(_divdi3.o)
 .debug_frame   0x00000efc       0x34 c:/labsoft/ee2024/lpcxpresso_6.1.4_194/lpcxpresso/tools/bin/../lib/gcc/arm-none-eabi/4.6.2/armv7-m\libgcc.a(_udivdi3.o)
 .debug_frame   0x00000f30       0x2c c:/labsoft/ee2024/lpcxpresso_6.1.4_194/lpcxpresso/tools/bin/../lib/gcc/arm-none-eabi/4.6.2/../../../../arm-none-eabi/lib/armv7-m\libc.a(lib_a-memset.o)

.debug_loc      0x00000000     0x1887
 .debug_loc     0x00000000      0x1e5 ./src/cr_startup_lpc17.o
 .debug_loc     0x000001e5      0x294 ./src/main.o
 .debug_loc     0x00000479       0x58 F:\EE2024Assignment2\Lib_CMSISv1p30_LPC17xx\Debug\libCMSISv1p30_LPC17xx.a(system_LPC17xx.o)
 .debug_loc     0x000004d1       0x64 F:\EE2024Assignment2\Lib_EaBaseBoard\Debug\libLib_EaBaseBoard.a(led7seg.o)
 .debug_loc     0x00000535      0x33e F:\EE2024Assignment2\Lib_EaBaseBoard\Debug\libLib_EaBaseBoard.a(oled.o)
 .debug_loc     0x00000873      0x4d0 F:\EE2024Assignment2\Lib_MCU\Debug\libLib_MCU.a(lpc17xx_gpio.o)
 .debug_loc     0x00000d43      0x150 F:\EE2024Assignment2\Lib_MCU\Debug\libLib_MCU.a(lpc17xx_pinsel.o)
 .debug_loc     0x00000e93      0x448 F:\EE2024Assignment2\Lib_MCU\Debug\libLib_MCU.a(lpc17xx_ssp.o)
 .debug_loc     0x000012db      0x3b8 F:\EE2024Assignment2\Lib_MCU\Debug\libLib_MCU.a(lpc17xx_timer.o)
 .debug_loc     0x00001693      0x1bc F:\EE2024Assignment2\Lib_MCU\Debug\libLib_MCU.a(lpc17xx_clkpwr.o)
 .debug_loc     0x0000184f       0x38 F:\EE2024Assignment2\Lib_MCU\Debug\libLib_MCU.a(lpc17xx_libcfg_default.o)

.debug_pubnames
                0x00000000       0xfd
 .debug_pubnames
                0x00000000       0xfd ./src/cr_startup_lpc17.o

.debug_aranges  0x00000000      0x4b0
 .debug_aranges
                0x00000000       0x70 ./src/cr_startup_lpc17.o
 .debug_aranges
                0x00000070       0x78 ./src/main.o
 .debug_aranges
                0x000000e8       0x28 F:\EE2024Assignment2\Lib_CMSISv1p30_LPC17xx\Debug\libCMSISv1p30_LPC17xx.a(system_LPC17xx.o)
 .debug_aranges
                0x00000110       0x28 F:\EE2024Assignment2\Lib_EaBaseBoard\Debug\libLib_EaBaseBoard.a(led7seg.o)
 .debug_aranges
                0x00000138       0x90 F:\EE2024Assignment2\Lib_EaBaseBoard\Debug\libLib_EaBaseBoard.a(oled.o)
 .debug_aranges
                0x000001c8       0xc8 F:\EE2024Assignment2\Lib_MCU\Debug\libLib_MCU.a(lpc17xx_gpio.o)
 .debug_aranges
                0x00000290       0x48 F:\EE2024Assignment2\Lib_MCU\Debug\libLib_MCU.a(lpc17xx_pinsel.o)
 .debug_aranges
                0x000002d8       0xb8 F:\EE2024Assignment2\Lib_MCU\Debug\libLib_MCU.a(lpc17xx_ssp.o)
 .debug_aranges
                0x00000390       0xa0 F:\EE2024Assignment2\Lib_MCU\Debug\libLib_MCU.a(lpc17xx_timer.o)
 .debug_aranges
                0x00000430       0x60 F:\EE2024Assignment2\Lib_MCU\Debug\libLib_MCU.a(lpc17xx_clkpwr.o)
 .debug_aranges
                0x00000490       0x20 F:\EE2024Assignment2\Lib_MCU\Debug\libLib_MCU.a(lpc17xx_libcfg_default.o)

.debug_ranges   0x00000000      0x408
 .debug_ranges  0x00000000       0x68 ./src/cr_startup_lpc17.o
 .debug_ranges  0x00000068       0x68 ./src/main.o
 .debug_ranges  0x000000d0       0x18 F:\EE2024Assignment2\Lib_CMSISv1p30_LPC17xx\Debug\libCMSISv1p30_LPC17xx.a(system_LPC17xx.o)
 .debug_ranges  0x000000e8       0x18 F:\EE2024Assignment2\Lib_EaBaseBoard\Debug\libLib_EaBaseBoard.a(led7seg.o)
 .debug_ranges  0x00000100       0x80 F:\EE2024Assignment2\Lib_EaBaseBoard\Debug\libLib_EaBaseBoard.a(oled.o)
 .debug_ranges  0x00000180       0xb8 F:\EE2024Assignment2\Lib_MCU\Debug\libLib_MCU.a(lpc17xx_gpio.o)
 .debug_ranges  0x00000238       0x38 F:\EE2024Assignment2\Lib_MCU\Debug\libLib_MCU.a(lpc17xx_pinsel.o)
 .debug_ranges  0x00000270       0xa8 F:\EE2024Assignment2\Lib_MCU\Debug\libLib_MCU.a(lpc17xx_ssp.o)
 .debug_ranges  0x00000318       0x90 F:\EE2024Assignment2\Lib_MCU\Debug\libLib_MCU.a(lpc17xx_timer.o)
 .debug_ranges  0x000003a8       0x50 F:\EE2024Assignment2\Lib_MCU\Debug\libLib_MCU.a(lpc17xx_clkpwr.o)
 .debug_ranges  0x000003f8       0x10 F:\EE2024Assignment2\Lib_MCU\Debug\libLib_MCU.a(lpc17xx_libcfg_default.o)

.debug_str      0x00000000     0x178e
 .debug_str     0x00000000      0x171 ./src/cr_startup_lpc17.o
                                0x1ab (size before relaxing)
 .debug_str     0x00000171      0x4fb ./src/main.o
                                0x59e (size before relaxing)
 .debug_str     0x0000066c      0x171 F:\EE2024Assignment2\Lib_CMSISv1p30_LPC17xx\Debug\libCMSISv1p30_LPC17xx.a(system_LPC17xx.o)
                                0x284 (size before relaxing)
 .debug_str     0x000007dd       0xe7 F:\EE2024Assignment2\Lib_EaBaseBoard\Debug\libLib_EaBaseBoard.a(led7seg.o)
                                0x1ec (size before relaxing)
 .debug_str     0x000008c4      0x1b2 F:\EE2024Assignment2\Lib_EaBaseBoard\Debug\libLib_EaBaseBoard.a(oled.o)
                                0x39d (size before relaxing)
 .debug_str     0x00000a76       0x11 F:\EE2024Assignment2\Lib_EaBaseBoard\Debug\libLib_EaBaseBoard.a(font5x7.o)
                                 0xa8 (size before relaxing)
 .debug_str     0x00000a87      0x361 F:\EE2024Assignment2\Lib_MCU\Debug\libLib_MCU.a(lpc17xx_gpio.o)
                                0x459 (size before relaxing)
 .debug_str     0x00000de8      0x22d F:\EE2024Assignment2\Lib_MCU\Debug\libLib_MCU.a(lpc17xx_pinsel.o)
                                0x38e (size before relaxing)
 .debug_str     0x00001015      0x234 F:\EE2024Assignment2\Lib_MCU\Debug\libLib_MCU.a(lpc17xx_ssp.o)
                                0x46c (size before relaxing)
 .debug_str     0x00001249      0x448 F:\EE2024Assignment2\Lib_MCU\Debug\libLib_MCU.a(lpc17xx_timer.o)
                                0x5a2 (size before relaxing)
 .debug_str     0x00001691       0xcb F:\EE2024Assignment2\Lib_MCU\Debug\libLib_MCU.a(lpc17xx_clkpwr.o)
                                0x38a (size before relaxing)
 .debug_str     0x0000175c       0x32 F:\EE2024Assignment2\Lib_MCU\Debug\libLib_MCU.a(lpc17xx_libcfg_default.o)
                                0x132 (size before relaxing)

.comment        0x00000000       0x9b
 .comment       0x00000000       0x2b ./src/cr_startup_lpc17.o
 .comment       0x0000002b       0x70 ./src/main.o
                                 0x71 (size before relaxing)
 .comment       0x00000000       0x71 F:\EE2024Assignment2\Lib_CMSISv1p30_LPC17xx\Debug\libCMSISv1p30_LPC17xx.a(system_LPC17xx.o)
 .comment       0x00000000       0x71 F:\EE2024Assignment2\Lib_EaBaseBoard\Debug\libLib_EaBaseBoard.a(led7seg.o)
 .comment       0x00000000       0x71 F:\EE2024Assignment2\Lib_EaBaseBoard\Debug\libLib_EaBaseBoard.a(oled.o)
 .comment       0x00000000       0x71 F:\EE2024Assignment2\Lib_EaBaseBoard\Debug\libLib_EaBaseBoard.a(font5x7.o)
 .comment       0x00000000       0x71 F:\EE2024Assignment2\Lib_MCU\Debug\libLib_MCU.a(lpc17xx_gpio.o)
 .comment       0x00000000       0x71 F:\EE2024Assignment2\Lib_MCU\Debug\libLib_MCU.a(lpc17xx_pinsel.o)
 .comment       0x00000000       0x71 F:\EE2024Assignment2\Lib_MCU\Debug\libLib_MCU.a(lpc17xx_ssp.o)
 .comment       0x00000000       0x71 F:\EE2024Assignment2\Lib_MCU\Debug\libLib_MCU.a(lpc17xx_timer.o)
 .comment       0x00000000       0x71 F:\EE2024Assignment2\Lib_MCU\Debug\libLib_MCU.a(lpc17xx_clkpwr.o)
 .comment       0x00000000       0x71 F:\EE2024Assignment2\Lib_MCU\Debug\libLib_MCU.a(lpc17xx_libcfg_default.o)

.ARM.attributes
                0x00000000       0x33
 .ARM.attributes
                0x00000000       0x31 ./src/cr_startup_lpc17.o
 .ARM.attributes
                0x00000031       0x33 ./src/main.o
 .ARM.attributes
                0x00000064       0x33 F:\EE2024Assignment2\Lib_CMSISv1p30_LPC17xx\Debug\libCMSISv1p30_LPC17xx.a(system_LPC17xx.o)
 .ARM.attributes
                0x00000097       0x33 F:\EE2024Assignment2\Lib_EaBaseBoard\Debug\libLib_EaBaseBoard.a(led7seg.o)
 .ARM.attributes
                0x000000ca       0x33 F:\EE2024Assignment2\Lib_EaBaseBoard\Debug\libLib_EaBaseBoard.a(oled.o)
 .ARM.attributes
                0x000000fd       0x33 F:\EE2024Assignment2\Lib_EaBaseBoard\Debug\libLib_EaBaseBoard.a(font5x7.o)
 .ARM.attributes
                0x00000130       0x33 F:\EE2024Assignment2\Lib_MCU\Debug\libLib_MCU.a(lpc17xx_gpio.o)
 .ARM.attributes
                0x00000163       0x33 F:\EE2024Assignment2\Lib_MCU\Debug\libLib_MCU.a(lpc17xx_pinsel.o)
 .ARM.attributes
                0x00000196       0x33 F:\EE2024Assignment2\Lib_MCU\Debug\libLib_MCU.a(lpc17xx_ssp.o)
 .ARM.attributes
                0x000001c9       0x33 F:\EE2024Assignment2\Lib_MCU\Debug\libLib_MCU.a(lpc17xx_timer.o)
 .ARM.attributes
                0x000001fc       0x33 F:\EE2024Assignment2\Lib_MCU\Debug\libLib_MCU.a(lpc17xx_clkpwr.o)
 .ARM.attributes
                0x0000022f       0x33 F:\EE2024Assignment2\Lib_MCU\Debug\libLib_MCU.a(lpc17xx_libcfg_default.o)
 .ARM.attributes
                0x00000262       0x1d c:/labsoft/ee2024/lpcxpresso_6.1.4_194/lpcxpresso/tools/bin/../lib/gcc/arm-none-eabi/4.6.2/armv7-m\libgcc.a(_aeabi_uldivmod.o)
 .ARM.attributes
                0x0000027f       0x2d c:/labsoft/ee2024/lpcxpresso_6.1.4_194/lpcxpresso/tools/bin/../lib/gcc/arm-none-eabi/4.6.2/armv7-m\libgcc.a(bpabi.o)
 .ARM.attributes
                0x000002ac       0x1d c:/labsoft/ee2024/lpcxpresso_6.1.4_194/lpcxpresso/tools/bin/../lib/gcc/arm-none-eabi/4.6.2/armv7-m\libgcc.a(_dvmd_tls.o)
 .ARM.attributes
                0x000002c9       0x2d c:/labsoft/ee2024/lpcxpresso_6.1.4_194/lpcxpresso/tools/bin/../lib/gcc/arm-none-eabi/4.6.2/armv7-m\libgcc.a(_divdi3.o)
 .ARM.attributes
                0x000002f6       0x2d c:/labsoft/ee2024/lpcxpresso_6.1.4_194/lpcxpresso/tools/bin/../lib/gcc/arm-none-eabi/4.6.2/armv7-m\libgcc.a(_udivdi3.o)
 .ARM.attributes
                0x00000323       0x2d c:/labsoft/ee2024/lpcxpresso_6.1.4_194/lpcxpresso/tools/bin/../lib/gcc/arm-none-eabi/4.6.2/../../../../arm-none-eabi/lib/armv7-m\libc.a(lib_a-memset.o)
